---
source: depends_core/src/macros/dependencies.rs
assertion_line: 125
expression: "format_source(dependencies_attr(TokenStream::new(),\n                input).to_string().as_str())"
---
struct Components {
    node1: Dependency<Rc<Node1>>,
    node2: Dependency<Rc<Node2>>,
    node3: Dependency<Rc<Node3>>,
}
struct ComponentsRef<'a> {
    node1: <Dependency<Rc<Node1>> as ::depends::core::Resolve>::Output<'a>,
    node2: <Dependency<Rc<Node2>> as ::depends::core::Resolve>::Output<'a>,
    node3: <Dependency<Rc<Node3>> as ::depends::core::Resolve>::Output<'a>,
}
impl Components {
    pub fn new(node1: Rc<Node1>, node2: Rc<Node2>, node3: Rc<Node3>) -> Self {
        Self {
            node1: Dependency::new(node1),
            node2: Dependency::new(node2),
            node3: Dependency::new(node3),
        }
    }
}
impl ::depends::core::Resolve for Components {
    type Output < 'a > = ComponentsRef < 'a > where Self : 'a ;

    fn resolve(&self, visitor: &mut impl ::depends::core::Visitor) -> Self::Output<'_> {
        ComponentsRef {
            node1: self.node1.resolve(visitor),
            node2: self.node2.resolve(visitor),
            node3: self.node3.resolve(visitor),
        }
    }
}
impl<'a> ::depends::core::IsDirty for ComponentsRef<'a> {
    fn is_dirty(&self) -> bool {
        self.node1.is_dirty() || self.node2.is_dirty() || self.node3.is_dirty()
    }
}

